// Jest Snapshot v1, https://goo.gl/fbAQLP

exports[`<ButtonPrim/ > Snapshot 1`] = `
<View
  accessible={true}
  focusable={false}
  onClick={[Function]}
  onResponderGrant={[Function]}
  onResponderMove={[Function]}
  onResponderRelease={[Function]}
  onResponderTerminate={[Function]}
  onResponderTerminationRequest={[Function]}
  onStartShouldSetResponder={[Function]}
  style={
    Object {
      "alignItems": "center",
      "alignSelf": "baseline",
      "backgroundColor": "hsl(550, 100%, 50%)",
      "borderRadius": 10,
      "justifyContent": "center",
      "opacity": 1,
      "paddingHorizontal": 16,
      "paddingVertical": 8,
    }
  }
>
  <Text
    style={
      Object {
        "fontSize": 20,
        "fontWeight": "bold",
      }
    }
  />
</View>
`;
