// Jest Snapshot v1, https://goo.gl/fbAQLP

exports[`<FeedItem/ > Snapshot 1`] = `
<View
  style={
    Object {
      "backgroundColor": "hsl(230, 100%, 80%)",
      "borderRadius": 10,
      "marginVertical": 5,
      "padding": 5,
    }
  }
>
  <Text
    style={
      Object {
        "fontSize": 20,
        "fontWeight": "bold",
      }
    }
  >
    Username:
  </Text>
  <Text
    style={
      Object {
        "paddingLeft": 20,
      }
    }
  >
    Hellow!!
  </Text>
</View>
`;
