// Jest Snapshot v1, https://goo.gl/fbAQLP

exports[`<FormInput/ > Snapshot 1`] = `
<View
  style={
    Object {
      "flexDirection": "row",
    }
  }
>
  <Text>
    Don't have an account? Too bad. Just click 
  </Text>
  <View
    accessible={true}
    collapsable={false}
    focusable={true}
    onBlur={[Function]}
    onClick={[Function]}
    onFocus={[Function]}
    onResponderGrant={[Function]}
    onResponderMove={[Function]}
    onResponderRelease={[Function]}
    onResponderTerminate={[Function]}
    onResponderTerminationRequest={[Function]}
    onStartShouldSetResponder={[Function]}
  >
    <Text
      style={
        Object {
          "borderBottomColor": "red",
          "borderBottomWidth": 1,
          "color": "red",
        }
      }
    >
      here
    </Text>
  </View>
</View>
`;
